../Core/Src/main.c:89:5:main	8	static
../Core/Src/main.c:182:6:SystemClock_Config	88	static
../Core/Src/main.c:229:13:MX_TIM1_Init	80	static
../Core/Src/main.c:294:13:MX_TIM3_Init	48	static
../Core/Src/main.c:347:13:MX_USART2_UART_Init	8	static
../Core/Src/main.c:380:13:MX_GPIO_Init	48	static
../Core/Src/main.c:435:6:setMotorDirection	40	static
../Core/Src/main.c:466:6:setMotorsOff	8	static
../Core/Src/main.c:483:6:hearbeatTaskFunc	48	static
../Core/Src/main.c:523:6:grabberMotorTaskFunc	24	static
../Core/Src/main.c:549:6:HAL_TIM_PeriodElapsedCallback	16	static
../Core/Src/main.c:566:6:Error_Handler	4	static,ignoring_inline_asm
